2021/01/19 22:53:44 open debian-10.2.0-amd64-netinst.iso.torrent: no such file or directory
